// Jest Snapshot v1, https://goo.gl/fbAQLP

exports[`App Component should match snapshot 1`] = `
{
  "asFragment": [Function],
  "baseElement": <body>
    <div>
      <div
        class="App min-h-screen bg-gray-100 flex items-center justify-center"
      >
        <div
          class="bg-white p-8 rounded-lg shadow-xl w-96"
        >
          <h1
            class="text-2xl font-bold text-center mb-6"
          >
            Decimal to Runic Translator
          </h1>
          <form
            class="space-y-4"
          >
            <input
              class="w-full p-2 border border-gray-300 rounded-md text-lg"
              max="9999"
              min="1"
              placeholder="Enter a number"
              type="number"
              value=""
            />
            <button
              class="w-full p-2 bg-blue-500 text-white rounded-md hover:bg-blue-600"
              type="submit"
            >
              Translate
            </button>
          </form>
        </div>
      </div>
    </div>
  </body>,
  "container": <div>
    <div
      class="App min-h-screen bg-gray-100 flex items-center justify-center"
    >
      <div
        class="bg-white p-8 rounded-lg shadow-xl w-96"
      >
        <h1
          class="text-2xl font-bold text-center mb-6"
        >
          Decimal to Runic Translator
        </h1>
        <form
          class="space-y-4"
        >
          <input
            class="w-full p-2 border border-gray-300 rounded-md text-lg"
            max="9999"
            min="1"
            placeholder="Enter a number"
            type="number"
            value=""
          />
          <button
            class="w-full p-2 bg-blue-500 text-white rounded-md hover:bg-blue-600"
            type="submit"
          >
            Translate
          </button>
        </form>
      </div>
    </div>
  </div>,
  "debug": [Function],
  "findAllByAltText": [Function],
  "findAllByDisplayValue": [Function],
  "findAllByLabelText": [Function],
  "findAllByPlaceholderText": [Function],
  "findAllByRole": [Function],
  "findAllByTestId": [Function],
  "findAllByText": [Function],
  "findAllByTitle": [Function],
  "findByAltText": [Function],
  "findByDisplayValue": [Function],
  "findByLabelText": [Function],
  "findByPlaceholderText": [Function],
  "findByRole": [Function],
  "findByTestId": [Function],
  "findByText": [Function],
  "findByTitle": [Function],
  "getAllByAltText": [Function],
  "getAllByDisplayValue": [Function],
  "getAllByLabelText": [Function],
  "getAllByPlaceholderText": [Function],
  "getAllByRole": [Function],
  "getAllByTestId": [Function],
  "getAllByText": [Function],
  "getAllByTitle": [Function],
  "getByAltText": [Function],
  "getByDisplayValue": [Function],
  "getByLabelText": [Function],
  "getByPlaceholderText": [Function],
  "getByRole": [Function],
  "getByTestId": [Function],
  "getByText": [Function],
  "getByTitle": [Function],
  "queryAllByAltText": [Function],
  "queryAllByDisplayValue": [Function],
  "queryAllByLabelText": [Function],
  "queryAllByPlaceholderText": [Function],
  "queryAllByRole": [Function],
  "queryAllByTestId": [Function],
  "queryAllByText": [Function],
  "queryAllByTitle": [Function],
  "queryByAltText": [Function],
  "queryByDisplayValue": [Function],
  "queryByLabelText": [Function],
  "queryByPlaceholderText": [Function],
  "queryByRole": [Function],
  "queryByTestId": [Function],
  "queryByText": [Function],
  "queryByTitle": [Function],
  "rerender": [Function],
  "unmount": [Function],
}
`;
