// Jest Snapshot v1, https://goo.gl/fbAQLP

exports[`renders rightContainer unchanged 1`] = `
<div>
  <div
    class="bg-white border-0 h-full max-h-[550px] max-w-[190px] mt-8 ml-4 mr-4 w-full"
    data-orientation="vertical"
  >
    <div
      class="border-b ml-4 mr-4 text-[#003e94]"
      data-orientation="vertical"
      data-state="closed"
    >
      <h3
        class="flex"
        data-orientation="vertical"
        data-state="closed"
      >
        <button
          aria-controls="radix-:r1:"
          aria-expanded="false"
          class="flex flex-1 items-center justify-between py-4 text-sm font-medium transition-all hover:underline text-left [&[data-state=open]>svg]:rotate-180"
          data-orientation="vertical"
          data-radix-collection-item=""
          data-state="closed"
          id="radix-:r0:"
          type="button"
        >
          Przejd≈∫ do
          <svg
            class="lucide lucide-chevron-down h-4 w-4 shrink-0 text-muted-foreground transition-transform duration-200"
            fill="none"
            height="24"
            stroke="currentColor"
            stroke-linecap="round"
            stroke-linejoin="round"
            stroke-width="2"
            viewBox="0 0 24 24"
            width="24"
            xmlns="http://www.w3.org/2000/svg"
          >
            <path
              d="m6 9 6 6 6-6"
            />
          </svg>
        </button>
      </h3>
    </div>
    <div
      class="bg-[#d7d8db] border w-30"
    />
    <div
      class="border-0 ml-4 mr-4"
      data-orientation="vertical"
      data-state="closed"
    >
      <h3
        class="flex"
        data-orientation="vertical"
        data-state="closed"
      >
        <button
          aria-controls="radix-:r3:"
          aria-expanded="false"
          class="flex flex-1 items-center justify-between py-4 text-sm font-medium transition-all hover:underline text-left [&[data-state=open]>svg]:rotate-180"
          data-orientation="vertical"
          data-radix-collection-item=""
          data-state="closed"
          id="radix-:r2:"
          type="button"
        >
          Wizyta
          <svg
            class="lucide lucide-chevron-down h-4 w-4 shrink-0 text-muted-foreground transition-transform duration-200"
            fill="none"
            height="24"
            stroke="currentColor"
            stroke-linecap="round"
            stroke-linejoin="round"
            stroke-width="2"
            viewBox="0 0 24 24"
            width="24"
            xmlns="http://www.w3.org/2000/svg"
          >
            <path
              d="m6 9 6 6 6-6"
            />
          </svg>
        </button>
      </h3>
      <div
        aria-labelledby="radix-:r2:"
        class="overflow-hidden text-sm data-[state=closed]:animate-accordion-up data-[state=open]:animate-accordion-down"
        data-orientation="vertical"
        data-state="closed"
        hidden=""
        id="radix-:r3:"
        role="region"
        style="--radix-accordion-content-height: var(--radix-collapsible-content-height); --radix-accordion-content-width: var(--radix-collapsible-content-width);"
      />
    </div>
    <div
      class="border-0 ml-4 mr-4"
      data-orientation="vertical"
      data-state="closed"
    >
      <h3
        class="flex"
        data-orientation="vertical"
        data-state="closed"
      >
        <button
          aria-controls="radix-:r5:"
          aria-expanded="false"
          class="flex flex-1 items-center justify-between py-4 text-sm font-medium transition-all hover:underline text-left [&[data-state=open]>svg]:rotate-180"
          data-orientation="vertical"
          data-radix-collection-item=""
          data-state="closed"
          id="radix-:r4:"
          type="button"
        >
          Pacjent
          <svg
            class="lucide lucide-chevron-down h-4 w-4 shrink-0 text-muted-foreground transition-transform duration-200"
            fill="none"
            height="24"
            stroke="currentColor"
            stroke-linecap="round"
            stroke-linejoin="round"
            stroke-width="2"
            viewBox="0 0 24 24"
            width="24"
            xmlns="http://www.w3.org/2000/svg"
          >
            <path
              d="m6 9 6 6 6-6"
            />
          </svg>
        </button>
      </h3>
      <div
        aria-labelledby="radix-:r4:"
        class="overflow-hidden text-sm data-[state=closed]:animate-accordion-up data-[state=open]:animate-accordion-down"
        data-orientation="vertical"
        data-state="closed"
        hidden=""
        id="radix-:r5:"
        role="region"
        style="--radix-accordion-content-height: var(--radix-collapsible-content-height); --radix-accordion-content-width: var(--radix-collapsible-content-width);"
      />
    </div>
  </div>
</div>
`;
