// Jest Snapshot v1, https://goo.gl/fbAQLP

exports[`Application root Should render app without crashing 1`] = `"{\\"_reactInternalInstance\\":\\"censored\\"}"`;
