// Jest Snapshot v1, https://goo.gl/fbAQLP

exports[`DraggableBullet should match snapshot 1`] = `
<div>
  <div
    class="border border-gray-300 cursor-move flex mb-4 p-2 opacity-100"
  >
    <input
      class="flex w-full rounded-md border border-input bg-transparent text-base shadow-sm transition-colors file:border-0 file:bg-transparent file:text-sm file:font-medium file:text-foreground placeholder:text-muted-foreground focus-visible:outline-none focus-visible:ring-1 focus-visible:ring-ring disabled:cursor-not-allowed disabled:opacity-50 md:text-sm h-100 min-h-[40px] p-2"
      placeholder="Bullet point #2"
      type="text"
      value="testBullet"
    />
    <button
      class="inline-flex items-center justify-center gap-2 whitespace-nowrap text-sm font-medium transition-colors focus-visible:outline-none focus-visible:ring-1 focus-visible:ring-ring disabled:pointer-events-none disabled:opacity-50 [&_svg]:pointer-events-none [&_svg]:size-4 [&_svg]:shrink-0 shadow-sm h-9 bg-[#ff0000] border border-solid cursor-pointer hover:bg-[#0068fa] p-2 ml-1 rounded text-white"
    >
      Remove
    </button>
  </div>
</div>
`;
