// Jest Snapshot v1, https://goo.gl/fbAQLP

exports[`renders patientForm unchanged 1`] = `
<div>
  <div
    class="flex flex-col items-start ml-2 mr-4 w-full"
  >
    <label
      class="peer-disabled:cursor-not-allowed peer-disabled:opacity-70 flex items-start font-[400] mb-2 mt-8 pl-4 text-[#6d7178] text-[14px] w-full"
    >
      Wizyty domowe
       
      <svg
        class="lucide lucide-chevron-right mt-[2px]"
        fill="none"
        height="18"
        stroke="currentColor"
        stroke-linecap="round"
        stroke-linejoin="round"
        stroke-width="2"
        viewBox="0 0 24 24"
        width="18"
        xmlns="http://www.w3.org/2000/svg"
      >
        <path
          d="m9 18 6-6-6-6"
        />
      </svg>
       Umawianie wizyty
    </label>
    <label
      class="peer-disabled:cursor-not-allowed peer-disabled:opacity-70 flex items-start font-[300] mb-2 pl-4 text-[#112950] text-4xl w-full"
    >
      Umawianie wizyty
    </label>
    <div
      class="bg-white flex flex-col ml-4 mr-4 p-16 max-w-[715px] w-full"
    >
      <label
        class="peer-disabled:cursor-not-allowed peer-disabled:opacity-70 font-[300] mb-4 text-[24px] text-[#112950]"
      >
        Wizyta
      </label>
      <form
        class="space-y-6"
      >
        <div
          class="space-y-4 w-full"
        >
          <div
            class="space-y-2"
          >
            <label
              class="text-sm leading-none peer-disabled:cursor-not-allowed peer-disabled:opacity-70 font-[700] text-[#112950]"
              for=":r0:-form-item"
            >
              Numer zgłoszenia
            </label>
            <input
              aria-describedby=":r0:-form-item-description"
              aria-invalid="false"
              class="flex h-9 w-full rounded-md border-input bg-transparent px-3 py-1 text-base shadow-sm transition-colors file:border-0 file:bg-transparent file:text-sm file:font-medium file:text-foreground placeholder:text-muted-foreground focus-visible:outline-none focus-visible:ring-1 focus-visible:ring-ring disabled:cursor-not-allowed disabled:opacity-50 md:text-sm border-0"
              id=":r0:-form-item"
              name="reportNumber"
              placeholder="Wpisz numer zgłoszenia"
              type="number"
            />
          </div>
        </div>
        <div
          class="space-y-4 w-full"
        >
          <div
            class="space-y-2"
          >
            <label
              class="text-sm leading-none peer-disabled:cursor-not-allowed peer-disabled:opacity-70 font-[700] text-[#112950]"
              for=":r1:-form-item"
            >
              Rodzaj wizyty
            </label>
            <button
              aria-autocomplete="none"
              aria-controls="radix-:r2:"
              aria-expanded="false"
              class="flex h-9 items-center justify-between whitespace-nowrap rounded-md border-input bg-transparent px-3 py-2 text-sm shadow-sm ring-offset-background placeholder:text-muted-foreground focus:outline-none focus:ring-1 focus:ring-ring disabled:cursor-not-allowed disabled:opacity-50 [&>span]:line-clamp-1 border-0 w-full"
              data-placeholder=""
              data-state="closed"
              dir="ltr"
              role="combobox"
              type="button"
            >
              <span
                style="pointer-events: none;"
              >
                Wybierz z listy
              </span>
              <svg
                aria-hidden="true"
                class="lucide lucide-chevron-down h-4 w-4 opacity-50"
                fill="none"
                height="24"
                stroke="currentColor"
                stroke-linecap="round"
                stroke-linejoin="round"
                stroke-width="2"
                viewBox="0 0 24 24"
                width="24"
                xmlns="http://www.w3.org/2000/svg"
              >
                <path
                  d="m6 9 6 6 6-6"
                />
              </svg>
            </button>
            <select
              aria-hidden="true"
              name="visitType"
              style="position: absolute; border: 0px; width: 1px; height: 1px; padding: 0px; margin: -1px; overflow: hidden; clip: rect(0px, 0px, 0px, 0px); white-space: nowrap; word-wrap: normal;"
              tabindex="-1"
            >
              <option
                value=""
              />
              <option
                value="homeVisit"
              >
                Wizyta domowa
              </option>
              <option
                value="onlineVisit"
              >
                Wizyta online
              </option>
              <option
                value="stationaryVisit"
              >
                Wizyta stacjonarna
              </option>
            </select>
          </div>
        </div>
        <div
          class="space-y-4 w-full"
        >
          <div
            class="space-y-2"
          >
            <label
              class="text-sm leading-none peer-disabled:cursor-not-allowed peer-disabled:opacity-70 font-[700] text-[#112950]"
              for=":r3:-form-item"
            >
              Specjalizacja
            </label>
            <button
              aria-autocomplete="none"
              aria-controls="radix-:r4:"
              aria-expanded="false"
              class="flex h-9 items-center justify-between whitespace-nowrap rounded-md border-input bg-transparent px-3 py-2 text-sm shadow-sm ring-offset-background placeholder:text-muted-foreground focus:outline-none focus:ring-1 focus:ring-ring disabled:cursor-not-allowed disabled:opacity-50 [&>span]:line-clamp-1 border-0 w-full"
              data-placeholder=""
              data-state="closed"
              dir="ltr"
              role="combobox"
              type="button"
            >
              <span
                style="pointer-events: none;"
              >
                Wybierz z listy
              </span>
              <svg
                aria-hidden="true"
                class="lucide lucide-chevron-down h-4 w-4 opacity-50"
                fill="none"
                height="24"
                stroke="currentColor"
                stroke-linecap="round"
                stroke-linejoin="round"
                stroke-width="2"
                viewBox="0 0 24 24"
                width="24"
                xmlns="http://www.w3.org/2000/svg"
              >
                <path
                  d="m6 9 6 6 6-6"
                />
              </svg>
            </button>
            <select
              aria-hidden="true"
              name="specialization"
              style="position: absolute; border: 0px; width: 1px; height: 1px; padding: 0px; margin: -1px; overflow: hidden; clip: rect(0px, 0px, 0px, 0px); white-space: nowrap; word-wrap: normal;"
              tabindex="-1"
            >
              <option
                value=""
              />
              <option
                value="general"
              >
                Ogólna
              </option>
              <option
                value="cardiology"
              >
                Kardiolog
              </option>
              <option
                value="neurology"
              >
                Neurolog
              </option>
            </select>
          </div>
        </div>
        <div
          class="flex flex-col space-y-4 w-full"
        >
          <div
            class="space-y-2 flex flex-col"
          >
            <label
              class="text-sm leading-none peer-disabled:cursor-not-allowed peer-disabled:opacity-70 font-[700] text-[#112950]"
              for=":r5:-form-item"
            >
              Data wizyty
            </label>
            <button
              aria-controls="radix-:r6:"
              aria-describedby=":r5:-form-item-description"
              aria-expanded="false"
              aria-haspopup="dialog"
              aria-invalid="false"
              class="inline-flex items-center gap-2 whitespace-nowrap rounded-md text-sm transition-colors focus-visible:outline-none focus-visible:ring-1 focus-visible:ring-ring disabled:pointer-events-none disabled:opacity-50 [&_svg]:pointer-events-none [&_svg]:size-4 [&_svg]:shrink-0 border-input bg-background shadow-sm hover:bg-accent hover:text-accent-foreground h-9 px-4 py-2 border-0 w-full justify-start text-left font-normal text-muted-foreground"
              data-state="closed"
              id=":r5:-form-item"
              type="button"
            >
              <svg
                class="lucide lucide-calendar mr-2 h-4 w-4"
                fill="none"
                height="24"
                stroke="currentColor"
                stroke-linecap="round"
                stroke-linejoin="round"
                stroke-width="2"
                viewBox="0 0 24 24"
                width="24"
                xmlns="http://www.w3.org/2000/svg"
              >
                <path
                  d="M8 2v4"
                />
                <path
                  d="M16 2v4"
                />
                <rect
                  height="18"
                  rx="2"
                  width="18"
                  x="3"
                  y="4"
                />
                <path
                  d="M3 10h18"
                />
              </svg>
              <span>
                Jak najszybciej
              </span>
            </button>
          </div>
        </div>
        <div
          class="flex flex-row w-full"
        >
          <div
            class="space-y-2 flex flex-row items-center"
          >
            <button
              aria-checked="false"
              aria-describedby=":r7:-form-item-description"
              aria-invalid="false"
              class="peer h-4 w-4 shrink-0 rounded-sm border border-primary shadow focus-visible:outline-none focus-visible:ring-1 focus-visible:ring-ring disabled:cursor-not-allowed disabled:opacity-50 data-[state=checked]:bg-primary data-[state=checked]:text-primary-foreground"
              data-state="unchecked"
              id=":r7:-form-item"
              role="checkbox"
              type="button"
              value="on"
            />
            <input
              aria-hidden="true"
              style="transform: translateX(-100%); position: absolute; pointer-events: none; opacity: 0; margin: 0px; width: 0px; height: 0px;"
              tabindex="-1"
              type="checkbox"
              value="on"
            />
            <label
              class="peer-disabled:cursor-not-allowed peer-disabled:opacity-70 border-0 font-[400] ml-2 mt-0 text-[14px] text-[#112950]"
              for="isTimeSlotChecked"
            >
              Wybierz konkrenty przedział godzinowy
            </label>
          </div>
        </div>
        <div
          class="space-y-4 w-full"
        >
          <div
            class="space-y-2"
          >
            <label
              class="text-sm leading-none peer-disabled:cursor-not-allowed peer-disabled:opacity-70 font-[700] text-[#112950]"
              for=":r8:-form-item"
            >
              Temat
            </label>
            <button
              aria-autocomplete="none"
              aria-controls="radix-:r9:"
              aria-expanded="false"
              class="flex h-9 items-center justify-between whitespace-nowrap rounded-md border-input bg-transparent px-3 py-2 text-sm shadow-sm ring-offset-background placeholder:text-muted-foreground focus:outline-none focus:ring-1 focus:ring-ring disabled:cursor-not-allowed disabled:opacity-50 [&>span]:line-clamp-1 border-0 w-full"
              data-placeholder=""
              data-state="closed"
              dir="ltr"
              role="combobox"
              type="button"
            >
              <span
                style="pointer-events: none;"
              >
                Wybierz z listy
              </span>
              <svg
                aria-hidden="true"
                class="lucide lucide-chevron-down h-4 w-4 opacity-50"
                fill="none"
                height="24"
                stroke="currentColor"
                stroke-linecap="round"
                stroke-linejoin="round"
                stroke-width="2"
                viewBox="0 0 24 24"
                width="24"
                xmlns="http://www.w3.org/2000/svg"
              >
                <path
                  d="m6 9 6 6 6-6"
                />
              </svg>
            </button>
            <select
              aria-hidden="true"
              name="topic"
              style="position: absolute; border: 0px; width: 1px; height: 1px; padding: 0px; margin: -1px; overflow: hidden; clip: rect(0px, 0px, 0px, 0px); white-space: nowrap; word-wrap: normal;"
              tabindex="-1"
            >
              <option
                value=""
              />
              <option
                value="healthCheck"
              >
                Badania
              </option>
              <option
                value="emergency"
              >
                Wypadek
              </option>
              <option
                value="followUp"
              >
                Konsultacja
              </option>
            </select>
          </div>
        </div>
        <div
          class="space-y-4 w-full"
        >
          <div
            class="space-y-2"
          >
            <label
              class="text-sm leading-none peer-disabled:cursor-not-allowed peer-disabled:opacity-70 border-0 font-[700] text-[#112950]"
              for=":ra:-form-item"
            >
              Dodatkowe informacje (opcjonalnie)
            </label>
            <textarea
              aria-describedby=":ra:-form-item-description"
              aria-invalid="false"
              class="flex min-h-[60px] w-full rounded-md border border-input bg-transparent px-3 py-2 text-base shadow-sm placeholder:text-muted-foreground focus-visible:outline-none focus-visible:ring-1 focus-visible:ring-ring disabled:cursor-not-allowed disabled:opacity-50 md:text-sm"
              id=":ra:-form-item"
              name="additionalInformations"
              placeholder="Opisz problem"
            />
          </div>
        </div>
        <div
          class="space-y-4 w-full"
        >
          <div
            class="space-y-2"
          >
            <label
              class="text-sm leading-none peer-disabled:cursor-not-allowed peer-disabled:opacity-70 font-[700] text-[#112950]"
              for=":rb:-form-item"
            >
              Język wizyty
            </label>
            <button
              aria-autocomplete="none"
              aria-controls="radix-:rc:"
              aria-expanded="false"
              class="flex h-9 items-center justify-between whitespace-nowrap rounded-md border-input bg-transparent px-3 py-2 text-sm shadow-sm ring-offset-background placeholder:text-muted-foreground focus:outline-none focus:ring-1 focus:ring-ring disabled:cursor-not-allowed disabled:opacity-50 [&>span]:line-clamp-1 border-0 w-full"
              data-placeholder=""
              data-state="closed"
              dir="ltr"
              role="combobox"
              type="button"
            >
              <span
                style="pointer-events: none;"
              >
                Wybierz z listy
              </span>
              <svg
                aria-hidden="true"
                class="lucide lucide-chevron-down h-4 w-4 opacity-50"
                fill="none"
                height="24"
                stroke="currentColor"
                stroke-linecap="round"
                stroke-linejoin="round"
                stroke-width="2"
                viewBox="0 0 24 24"
                width="24"
                xmlns="http://www.w3.org/2000/svg"
              >
                <path
                  d="m6 9 6 6 6-6"
                />
              </svg>
            </button>
            <select
              aria-hidden="true"
              name="language"
              style="position: absolute; border: 0px; width: 1px; height: 1px; padding: 0px; margin: -1px; overflow: hidden; clip: rect(0px, 0px, 0px, 0px); white-space: nowrap; word-wrap: normal;"
              tabindex="-1"
            >
              <option
                value=""
              />
              <option
                value="english"
              >
                Angielski
              </option>
              <option
                value="polish"
              >
                Polski
              </option>
              <option
                value="spanish"
              >
                Hiszpański
              </option>
            </select>
          </div>
        </div>
        <div
          class="flex flex-col justify-end w-full"
        >
          <button
            class="inline-flex items-center justify-center gap-2 whitespace-nowrap rounded-md text-sm font-medium transition-colors focus-visible:outline-none focus-visible:ring-1 focus-visible:ring-ring disabled:pointer-events-none disabled:opacity-50 [&_svg]:pointer-events-none [&_svg]:size-4 [&_svg]:shrink-0 shadow h-9 px-4 py-2 bg-[#0068fa] hover:bg-[#0068fa] ml-0 mt-4 text-white w-full"
            type="submit"
          >
            Dalej 
            <svg
              class="lucide lucide-chevron-right"
              fill="none"
              height="24"
              stroke="currentColor"
              stroke-linecap="round"
              stroke-linejoin="round"
              stroke-width="2"
              viewBox="0 0 24 24"
              width="24"
              xmlns="http://www.w3.org/2000/svg"
            >
              <path
                d="m9 18 6-6-6-6"
              />
            </svg>
          </button>
        </div>
      </form>
    </div>
  </div>
</div>
`;
