// Jest Snapshot v1, https://goo.gl/fbAQLP

exports[`Counter should match snapshot 1`] = `
{
  "asFragment": [Function],
  "baseElement": <body>
    <div>
      <div
        class="flex flex-col font-bold h-28 justify-center items-center"
      >
        <h6
          class="font-bold pb-4 text-base"
        >
          Counter using simple tool to managing of app state
        </h6>
        <div
          class="flex-row pb-4"
        >
          <button
            class="rounded-md pr-4 bg-slate-800 py-2 px-4 border border-transparent text-center text-sm text-white transition-all shadow-md hover:shadow-lg focus:bg-slate-700 focus:shadow-none active:bg-slate-700 hover:bg-slate-700 active:shadow-none disabled:pointer-events-none disabled:opacity-50 disabled:shadow-none ml-2"
            type="button"
          >
            Increment
          </button>
          <button
            class="rounded-md bg-slate-800 py-2 px-4 border border-transparent text-center text-sm text-white transition-all shadow-md hover:shadow-lg focus:bg-slate-700 focus:shadow-none active:bg-slate-700 hover:bg-slate-700 active:shadow-none disabled:pointer-events-none disabled:opacity-50 disabled:shadow-none ml-2"
            type="button"
          >
            Decrement
          </button>
        </div>
        <h1
          class="text-base"
          data-testid="count-text"
        >
          Count: 
          0
        </h1>
      </div>
    </div>
    <div>
      <div
        class="flex flex-col font-bold h-28 justify-center items-center"
      >
        <h6
          class="font-bold pb-4 text-base"
        >
          Counter using simple tool to managing of app state
        </h6>
        <div
          class="flex-row pb-4"
        >
          <button
            class="rounded-md pr-4 bg-slate-800 py-2 px-4 border border-transparent text-center text-sm text-white transition-all shadow-md hover:shadow-lg focus:bg-slate-700 focus:shadow-none active:bg-slate-700 hover:bg-slate-700 active:shadow-none disabled:pointer-events-none disabled:opacity-50 disabled:shadow-none ml-2"
            type="button"
          >
            Increment
          </button>
          <button
            class="rounded-md bg-slate-800 py-2 px-4 border border-transparent text-center text-sm text-white transition-all shadow-md hover:shadow-lg focus:bg-slate-700 focus:shadow-none active:bg-slate-700 hover:bg-slate-700 active:shadow-none disabled:pointer-events-none disabled:opacity-50 disabled:shadow-none ml-2"
            type="button"
          >
            Decrement
          </button>
        </div>
        <h1
          class="text-base"
          data-testid="count-text"
        >
          Count: 
          0
        </h1>
      </div>
    </div>
  </body>,
  "container": <div>
    <div
      class="flex flex-col font-bold h-28 justify-center items-center"
    >
      <h6
        class="font-bold pb-4 text-base"
      >
        Counter using simple tool to managing of app state
      </h6>
      <div
        class="flex-row pb-4"
      >
        <button
          class="rounded-md pr-4 bg-slate-800 py-2 px-4 border border-transparent text-center text-sm text-white transition-all shadow-md hover:shadow-lg focus:bg-slate-700 focus:shadow-none active:bg-slate-700 hover:bg-slate-700 active:shadow-none disabled:pointer-events-none disabled:opacity-50 disabled:shadow-none ml-2"
          type="button"
        >
          Increment
        </button>
        <button
          class="rounded-md bg-slate-800 py-2 px-4 border border-transparent text-center text-sm text-white transition-all shadow-md hover:shadow-lg focus:bg-slate-700 focus:shadow-none active:bg-slate-700 hover:bg-slate-700 active:shadow-none disabled:pointer-events-none disabled:opacity-50 disabled:shadow-none ml-2"
          type="button"
        >
          Decrement
        </button>
      </div>
      <h1
        class="text-base"
        data-testid="count-text"
      >
        Count: 
        0
      </h1>
    </div>
  </div>,
  "debug": [Function],
  "findAllByAltText": [Function],
  "findAllByDisplayValue": [Function],
  "findAllByLabelText": [Function],
  "findAllByPlaceholderText": [Function],
  "findAllByRole": [Function],
  "findAllByTestId": [Function],
  "findAllByText": [Function],
  "findAllByTitle": [Function],
  "findByAltText": [Function],
  "findByDisplayValue": [Function],
  "findByLabelText": [Function],
  "findByPlaceholderText": [Function],
  "findByRole": [Function],
  "findByTestId": [Function],
  "findByText": [Function],
  "findByTitle": [Function],
  "getAllByAltText": [Function],
  "getAllByDisplayValue": [Function],
  "getAllByLabelText": [Function],
  "getAllByPlaceholderText": [Function],
  "getAllByRole": [Function],
  "getAllByTestId": [Function],
  "getAllByText": [Function],
  "getAllByTitle": [Function],
  "getByAltText": [Function],
  "getByDisplayValue": [Function],
  "getByLabelText": [Function],
  "getByPlaceholderText": [Function],
  "getByRole": [Function],
  "getByTestId": [Function],
  "getByText": [Function],
  "getByTitle": [Function],
  "queryAllByAltText": [Function],
  "queryAllByDisplayValue": [Function],
  "queryAllByLabelText": [Function],
  "queryAllByPlaceholderText": [Function],
  "queryAllByRole": [Function],
  "queryAllByTestId": [Function],
  "queryAllByText": [Function],
  "queryAllByTitle": [Function],
  "queryByAltText": [Function],
  "queryByDisplayValue": [Function],
  "queryByLabelText": [Function],
  "queryByPlaceholderText": [Function],
  "queryByRole": [Function],
  "queryByTestId": [Function],
  "queryByText": [Function],
  "queryByTitle": [Function],
  "rerender": [Function],
  "unmount": [Function],
}
`;
