// Jest Snapshot v1, https://goo.gl/fbAQLP

exports[`InformationForm should match snapshot 1`] = `
<div>
  <div
    class="container"
  >
    <div
      class="row"
    >
      <div
        class="col-md-8"
      >
        <label
          class="peer-disabled:cursor-not-allowed peer-disabled:opacity-70 flex font-bold justify-center mb-4 mt-3 text-lg"
        >
          Product Information Form
        </label>
        <form>
          <div
            class="mb-4 space-y-4 w-full"
          >
            <div
              class="space-y-2"
            >
              <label
                class="font-medium peer-disabled:cursor-not-allowed peer-disabled:opacity-70 flex justify-center text-base text-[#112950]"
                for=":r0:-form-item"
              >
                Product Title
              </label>
              <input
                aria-describedby=":r0:-form-item-description"
                aria-invalid="false"
                class="flex h-9 w-full bg-transparent px-3 py-1 text-base shadow-sm transition-colors file:border-0 file:bg-transparent file:text-sm file:font-medium file:text-foreground placeholder:text-muted-foreground focus-visible:outline-none focus-visible:ring-1 focus-visible:ring-ring disabled:cursor-not-allowed disabled:opacity-50 md:text-sm border border-gray-500 rounded"
                id=":r0:-form-item"
                name="title"
                placeholder="Enter product title"
                type="text"
                value=""
              />
            </div>
          </div>
          <div
            class="flex flex-col mb-4 rounded"
          >
            <div
              class="space-y-2"
            >
              <label
                class="font-medium peer-disabled:cursor-not-allowed peer-disabled:opacity-70 flex justify-center mb-2 text-base"
                for=":r1:-form-item"
              >
                Product Description
              </label>
            </div>
          </div>
          <div
            class="flex flex-col mb-2 max-h-32 rounded"
          >
            <div
              class="space-y-2"
            >
              <label
                class="font-medium peer-disabled:cursor-not-allowed peer-disabled:opacity-70 flex justify-center mb-2 text-base"
                for=":r2:-form-item"
              >
                Product Bullets
              </label>
              <div
                aria-describedby=":r2:-form-item-description"
                aria-invalid="false"
                class="h-full max-h-[150px] border border-gray-500 mb-4 overflow-auto p-2.5"
                id=":r2:-form-item"
              >
                <button
                  class="inline-flex items-center justify-center gap-2 whitespace-nowrap text-sm font-medium transition-colors focus-visible:outline-none focus-visible:ring-1 focus-visible:ring-ring disabled:pointer-events-none disabled:opacity-50 [&_svg]:pointer-events-none [&_svg]:size-4 [&_svg]:shrink-0 shadow h-9 bg-[#0068fa] border border-solid cursor-pointer hover:bg-[#0068fa] p-2 rounded text-white w-full"
                >
                  Add Bullet
                </button>
              </div>
            </div>
          </div>
          <div
            class="flex flex-col mb-4"
          >
            <div
              class="space-y-2"
            >
              <label
                aria-label="Product Keywords"
                class="font-medium peer-disabled:cursor-not-allowed peer-disabled:opacity-70 flex justify-center mb-2 text-base"
                for=":r3:-form-item"
              >
                Product Keywords
              </label>
              <div
                class="cursor-pointer css-b62m3t-container"
                id=":r3:-form-item"
              >
                <span
                  class="css-1f43avz-a11yText-A11yText"
                  id="react-select-2-live-region"
                />
                <span
                  aria-atomic="false"
                  aria-live="polite"
                  aria-relevant="additions text"
                  class="css-1f43avz-a11yText-A11yText"
                  role="log"
                />
                <div
                  class="css-13cymwt-control"
                >
                  <div
                    class="css-hlgwow"
                  >
                    <div
                      class="css-1jqq78o-placeholder"
                      id="react-select-2-placeholder"
                    >
                      Select...
                    </div>
                    <div
                      class="css-19bb58m"
                      data-value=""
                    >
                      <input
                        aria-activedescendant=""
                        aria-autocomplete="list"
                        aria-describedby="react-select-2-placeholder"
                        aria-expanded="false"
                        aria-haspopup="true"
                        aria-invalid="false"
                        autocapitalize="none"
                        autocomplete="off"
                        autocorrect="off"
                        class=""
                        id="react-select-2-input"
                        role="combobox"
                        spellcheck="false"
                        style="opacity: 1; width: 100%; grid-area: 1 / 2; min-width: 2px; border: 0px; margin: 0px; outline: 0; padding: 0px;"
                        tabindex="0"
                        type="text"
                        value=""
                      />
                    </div>
                  </div>
                  <div
                    class="css-1wy0on6"
                  >
                    <span
                      class="css-1u9des2-indicatorSeparator"
                    />
                    <div
                      aria-hidden="true"
                      class="css-1xc3v61-indicatorContainer"
                    >
                      <svg
                        aria-hidden="true"
                        class="css-tj5bde-Svg"
                        focusable="false"
                        height="20"
                        viewBox="0 0 20 20"
                        width="20"
                      >
                        <path
                          d="M4.516 7.548c0.436-0.446 1.043-0.481 1.576 0l3.908 3.747 3.908-3.747c0.533-0.481 1.141-0.446 1.574 0 0.436 0.445 0.408 1.197 0 1.615-0.406 0.418-4.695 4.502-4.695 4.502-0.217 0.223-0.502 0.335-0.787 0.335s-0.57-0.112-0.789-0.335c0 0-4.287-4.084-4.695-4.502s-0.436-1.17 0-1.615z"
                        />
                      </svg>
                    </div>
                  </div>
                </div>
                <div>
                  <input
                    name="keywords"
                    type="hidden"
                    value=""
                  />
                </div>
              </div>
            </div>
          </div>
          <div
            class="flex flex-col justify-center items-center mb-4 w-full"
          >
            <button
              class="items-center gap-2 whitespace-nowrap text-sm font-medium transition-colors focus-visible:outline-none focus-visible:ring-1 focus-visible:ring-ring disabled:pointer-events-none disabled:opacity-50 [&_svg]:pointer-events-none [&_svg]:size-4 [&_svg]:shrink-0 shadow h-9 bg-[#0068fa] border border-solid cursor-pointer flex justify-center hover:bg-[#0068fa] max-w-32 ml-0 mt-4 p-2 rounded text-white w-full"
              type="submit"
            >
              Submit
            </button>
          </div>
        </form>
      </div>
    </div>
  </div>
</div>
`;
