// Jest Snapshot v1, https://goo.gl/fbAQLP

exports[`renders header unchanged 1`] = `
<div>
  <header
    class="bg-[#fefefe] border flex flex-row justify-between p-6 p-16 h-full max-h-24 w-full max-w-full"
  >
    <img
      alt="TC Logo"
      class="dark:invert"
      data-nimg="1"
      decoding="async"
      height="48"
      src="/_next/image?url=%2Fimg.jpg&w=384&q=75"
      srcset="/_next/image?url=%2Fimg.jpg&w=256&q=75 1x, /_next/image?url=%2Fimg.jpg&w=384&q=75 2x"
      style="color: transparent;"
      width="191"
    />
    <div
      class="flex flex-row h-1/2"
    >
      <button
        class="gap-2 whitespace-nowrap text-sm font-medium transition-colors focus-visible:outline-none focus-visible:ring-1 focus-visible:ring-ring disabled:pointer-events-none disabled:opacity-50 [&_svg]:pointer-events-none [&_svg]:size-4 [&_svg]:shrink-0 shadow hover:bg-primary/90 bg-white border border-red-600 flex flex-row items-center justify-center h-12 rounded-lg mx-2 p-6 text-red-600 w-46"
      >
        <svg
          class="lucide lucide-bug font-bold"
          fill="none"
          height="16"
          stroke="currentColor"
          stroke-linecap="round"
          stroke-linejoin="round"
          stroke-width="2"
          viewBox="0 0 24 24"
          width="16"
          xmlns="http://www.w3.org/2000/svg"
        >
          <path
            d="m8 2 1.88 1.88"
          />
          <path
            d="M14.12 3.88 16 2"
          />
          <path
            d="M9 7.13v-1a3.003 3.003 0 1 1 6 0v1"
          />
          <path
            d="M12 20c-3.3 0-6-2.7-6-6v-3a4 4 0 0 1 4-4h4a4 4 0 0 1 4 4v3c0 3.3-2.7 6-6 6"
          />
          <path
            d="M12 20v-9"
          />
          <path
            d="M6.53 9C4.6 8.8 3 7.1 3 5"
          />
          <path
            d="M6 13H2"
          />
          <path
            d="M3 21c0-2.1 1.7-3.9 3.8-4"
          />
          <path
            d="M20.97 5c0 2.1-1.6 3.8-3.5 4"
          />
          <path
            d="M22 13h-4"
          />
          <path
            d="M17.2 17c2.1.1 3.8 1.9 3.8 4"
          />
        </svg>
        <label
          class="text-sm leading-none peer-disabled:cursor-not-allowed peer-disabled:opacity-70 cursor-pointer font-bold"
        >
          Zgłoś Problem
        </label>
      </button>
      <button
        class="gap-2 whitespace-nowrap text-sm font-medium transition-colors focus-visible:outline-none focus-visible:ring-1 focus-visible:ring-ring disabled:pointer-events-none disabled:opacity-50 [&_svg]:pointer-events-none [&_svg]:size-4 [&_svg]:shrink-0 shadow hover:bg-primary/90 bg-blue-600 flex flex-row items-center justify-center h-12 rounded-lg ml-4 mr-4 p-6 text-white w-44"
      >
        <svg
          class="lucide lucide-calendar1 font-bold"
          fill="none"
          height="16"
          stroke="currentColor"
          stroke-linecap="round"
          stroke-linejoin="round"
          stroke-width="2"
          viewBox="0 0 24 24"
          width="16"
          xmlns="http://www.w3.org/2000/svg"
        >
          <path
            d="M11 14h1v4"
          />
          <path
            d="M16 2v4"
          />
          <path
            d="M3 10h18"
          />
          <path
            d="M8 2v4"
          />
          <rect
            height="18"
            rx="2"
            width="18"
            x="3"
            y="4"
          />
        </svg>
        <label
          class="text-sm leading-none peer-disabled:cursor-not-allowed peer-disabled:opacity-70 cursor-pointer font-bold"
        >
          Umów Wizytę
        </label>
      </button>
      <button
        aria-autocomplete="none"
        aria-controls="radix-:r0:"
        aria-expanded="false"
        class="flex items-center justify-between whitespace-nowrap rounded-md border border-input bg-transparent px-3 py-2 text-sm shadow-sm ring-offset-background placeholder:text-muted-foreground focus:outline-none focus:ring-1 focus:ring-ring disabled:cursor-not-allowed disabled:opacity-50 [&>span]:line-clamp-1 h-12 text-blue-500 w-24"
        data-placeholder=""
        data-state="closed"
        dir="ltr"
        role="combobox"
        type="button"
      >
        <svg
          class="lucide lucide-globe font-bold"
          fill="none"
          height="16"
          stroke="currentColor"
          stroke-linecap="round"
          stroke-linejoin="round"
          stroke-width="2"
          viewBox="0 0 24 24"
          width="16"
          xmlns="http://www.w3.org/2000/svg"
        >
          <circle
            cx="12"
            cy="12"
            r="10"
          />
          <path
            d="M12 2a14.5 14.5 0 0 0 0 20 14.5 14.5 0 0 0 0-20"
          />
          <path
            d="M2 12h20"
          />
        </svg>
        <span
          style="pointer-events: none;"
        >
          PL
        </span>
        <svg
          aria-hidden="true"
          class="lucide lucide-chevron-down h-4 w-4 opacity-50"
          fill="none"
          height="24"
          stroke="currentColor"
          stroke-linecap="round"
          stroke-linejoin="round"
          stroke-width="2"
          viewBox="0 0 24 24"
          width="24"
          xmlns="http://www.w3.org/2000/svg"
        >
          <path
            d="m6 9 6 6 6-6"
          />
        </svg>
      </button>
    </div>
  </header>
</div>
`;
